
> test
> vitest --run


 RUN  v3.2.4 /Users/george.clark/Sites/@dev/skipper/.worktrees/phase1

 ✓ src/components/atoms/ScoreRing/ScoreRing.test.tsx (3 tests) 41ms
 ✓ src/components/atoms/Counter/Counter.test.tsx (2 tests) 14ms
 ✓ src/components/atoms/Badge/Badge.test.tsx (3 tests) 21ms
 ✓ src/components/atoms/Divider/Divider.test.tsx (1 test) 150ms
 ✓ src/components/atoms/ProgressBar/ProgressBar.test.tsx (2 tests) 189ms
 ✓ src/components/atoms/OptionButton/OptionButton.test.tsx (5 tests) 233ms
 ✓ src/components/atoms/Button/Button.test.tsx (3 tests) 255ms
 ✓ src/components/atoms/Label/Label.test.tsx (1 test) 12ms
 ✓ src/components/atoms/Icon/Icon.test.tsx (5 tests) 12ms

 Test Files  9 passed (9)
      Tests  25 passed (25)
   Start at  16:56:35
   Duration  1.63s (transform 200ms, setup 438ms, collect 1.16s, tests 925ms, environment 4.49s, prepare 561ms)

